[36mvite v6.3.6 [32mbuilding for production...[36m[39m
transforming...
node.exe : Browserslist: browsers data 
(caniuse-lite) is 6 months old. Please run:
At C:\Program Files\nodejs\npx.ps1:29 char:3
+   & $NODE_EXE $NPX_CLI_JS $args
+   ~~~~~~~~~~~~~~~~~~~~~~~~~~~~~
    + CategoryInfo          : NotSpecified: ( 
   Browserslist: b...ld. Please run::String)  
   [], RemoteException
    + FullyQualifiedErrorId : NativeCommandEr 
   ror
 
  npx update-browserslist-db@latest
  Why you should do it regularly: https://gith
ub.com/browserslist/update-db#readme
[32mΓ£ô[39m 236 modules transformed.
[31mΓ£ù[39m Build failed in 7.47s
[31merror during build:
[31m[vite]: Rollup failed to resolve import 
"next-themes" from "C:/Users/Hp/Bara-Prototype
/src/components/ui/sonner.tsx".
This is most likely unintended because it can 
break your application at runtime.
If you do want to externalize this module 
explicitly add it to
`build.rollupOptions.external`[31m
    at viteLog (file:///C:/Users/Hp/Bara-Proto
type/node_modules/vite/dist/node/chunks/dep-Bu
492Fnd.js:46363:15)
    at file:///C:/Users/Hp/Bara-Prototype/node
_modules/vite/dist/node/chunks/dep-Bu492Fnd.js
:46421:18
    at onwarn (file:///C:/Users/Hp/Bara-Protot
ype/node_modules/@vitejs/plugin-react-swc/inde
x.js:90:7)
    at file:///C:/Users/Hp/Bara-Prototype/node
_modules/vite/dist/node/chunks/dep-Bu492Fnd.js
:46419:7
    at onRollupLog (file:///C:/Users/Hp/Bara-P
rototype/node_modules/vite/dist/node/chunks/de
p-Bu492Fnd.js:46411:5)
    at onLog (file:///C:/Users/Hp/Bara-Prototy
pe/node_modules/vite/dist/node/chunks/dep-Bu49
2Fnd.js:46061:7)
    at file:///C:/Users/Hp/Bara-Prototype/node
_modules/rollup/dist/es/shared/node-entry.js:2
0906:32
    at Object.logger [as onLog] (file:///C:/Us
ers/Hp/Bara-Prototype/node_modules/rollup/dist
/es/shared/node-entry.js:22792:9)
    at ModuleLoader.handleInvalidResolvedId (f
ile:///C:/Users/Hp/Bara-Prototype/node_modules
/rollup/dist/es/shared/node-entry.js:21536:26)
    at file:///C:/Users/Hp/Bara-Prototype/node
_modules/rollup/dist/es/shared/node-entry.js:2
1494:26[39m
